[Sat May 30 18:51:09 2026] PHP 8.1.25 Development Server (http://localhost:8000) started
[Sat May 30 18:51:11 2026] [::1]:57185 Accepted
[Sat May 30 18:51:11 2026] [::1]:57185 Closing
[Sat May 30 18:51:17 2026] [::1]:53297 Accepted
[Sat May 30 18:51:17 2026] [::1]:49960 Accepted
[Sat May 30 18:51:18 2026] [::1]:53297 Closing
[Sat May 30 18:51:18 2026] [::1]:49960 [200]: GET /assets/css/legacy-cafeid.css
[Sat May 30 18:51:18 2026] [::1]:49960 Closing
[Sat May 30 18:51:18 2026] [::1]:52931 Accepted
[Sat May 30 18:51:18 2026] [::1]:52931 Closing
[Sat May 30 18:51:29 2026] [::1]:52936 Accepted
[Sat May 30 18:51:29 2026] [::1]:52936 Closing
[Sat May 30 18:51:43 2026] [::1]:55809 Accepted
[Sat May 30 18:51:43 2026] [::1]:57563 Accepted
[Sat May 30 18:51:43 2026] [::1]:55809 Closing
[Sat May 30 18:51:43 2026] [::1]:57563 [200]: GET /assets/css/legacy-cafeid.css
[Sat May 30 18:51:43 2026] [::1]:57563 Closing
[Sat May 30 18:51:45 2026] [::1]:59253 Accepted
[Sat May 30 18:51:45 2026] [::1]:59253 Closing
[Sat May 30 18:52:03 2026] [::1]:58751 Accepted
[Sat May 30 18:52:03 2026] [::1]:58751 [400]: POST /callback.php?prefix=BLO
[Sat May 30 18:52:03 2026] [::1]:58751 Closing
[Sat May 30 18:52:56 2026] [::1]:58756 Accepted
[Sat May 30 18:52:56 2026] [::1]:58756 [404]: POST /callback.php?prefix=BLO
[Sat May 30 18:52:56 2026] [::1]:58756 Closing
[Sat May 30 18:55:07 2026] [::1]:51125 Accepted
[Sat May 30 18:55:07 2026] [::1]:51125 Closing
[Sat May 30 18:56:12 2026] [::1]:61866 Accepted
[Sat May 30 18:56:12 2026] [::1]:61866 Closing
[Sat May 30 18:56:12 2026] [::1]:61868 Accepted
[Sat May 30 18:56:12 2026] [::1]:61868 Closing
[Sat May 30 18:56:16 2026] [::1]:61870 Accepted
[Sat May 30 18:56:16 2026] [::1]:61870 Closing
[Sat May 30 18:56:20 2026] [::1]:61872 Accepted
[Sat May 30 18:56:20 2026] [::1]:61872 Closing
[Sat May 30 18:56:21 2026] [::1]:59557 Accepted
[Sat May 30 18:56:21 2026] [::1]:59557 Closing
[Sat May 30 18:56:23 2026] [::1]:59559 Accepted
[Sat May 30 18:56:23 2026] [::1]:59559 Closing
[Sat May 30 22:22:51 2026] [::1]:51223 Accepted
[Sat May 30 22:22:51 2026] [::1]:51223 [404]: POST /callback.php?prefix=BLO
[Sat May 30 22:22:51 2026] [::1]:51223 Closing
